// Jest Snapshot v1, https://goo.gl/fbAQLP

exports[`<RetroCertsWeeksToCertifyPage /> has user data 1`] = `
<div
  id="overflow-wrapper"
>
  <Header />
  <main
    className="pb-5"
    id="certification-page"
  >
    <div
      className="container p-4"
    >
      <h1>
        Retroactive Certification for Unemployment
      </h1>
      <LanguageSelector
        className="mt-3 mb-4"
      />
      <Alert
        className="mt-5"
        closeLabel="Close alert"
        show={true}
        transition={
          Object {
            "$$typeof": Symbol(react.forward_ref),
            "defaultProps": Object {
              "appear": false,
              "in": false,
              "mountOnEnter": false,
              "timeout": 300,
              "unmountOnExit": false,
            },
            "displayName": "Fade",
            "render": [Function],
          }
        }
        variant="success"
      >
        <img
          alt="checkmark"
          className="checkmark"
          src="/images/check-circle-fill.svg"
        />
        You have at least one week available to retroactively certify.
      </Alert>
      <h2
        className="mt-4"
      >
        Important Next Steps
      </h2>
      <p>
        You must retroactively certify for all available weeks.
      </p>
      <ListOfWeeks
        weeksToCertify={
          Array [
            0,
          ]
        }
      />
      <p>
        Answer all retroactive certification questions truthfully and correctly to avoid committing fraud.
      </p>
      <h2>
        Important Information
      </h2>
      <p>
        Your answers for each weekly certification will be saved automatically once you continue to the next week. Partially-completed weeks are not saved. Try to complete all retroactive certifications in one session.
      </p>
      <p>
        To protect the security of your information, this application will automatically time out after 30 minutes of inactivity. To avoid timing out, select any button every 25 minutes.
      </p>
      <Row
        noGutters={false}
      >
        <div
          className="col-md-4"
        >
          <Button
            active={false}
            as={
              Object {
                "$$typeof": Symbol(react.forward_ref),
                "displayName": "Link",
                "propTypes": Object {
                  "innerRef": [Function],
                  "onClick": [Function],
                  "replace": [Function],
                  "target": [Function],
                  "to": [Function],
                },
                "render": [Function],
              }
            }
            disabled={false}
            to="/retroactive-certification/certify/2020-02-08"
            type="button"
            variant="secondary"
          >
            Start Certifying
          </Button>
        </div>
      </Row>
    </div>
  </main>
  <Footer
    backToTopTag="certification-page"
  />
</div>
`;
