// Jest Snapshot v1, https://goo.gl/fbAQLP

exports[`<RetroCertsLandingPage /> has user data 1`] = `
<div
  id="overflow-wrapper"
>
  <Header />
  <main>
    <div
      className="container p-4"
    >
      <h1>
        Hello
      </h1>
      <p>
        Weeks to certify: 
        0
      </p>
      <p>
        <Button
          active={false}
          disabled={false}
          onClick={[Function]}
          type="button"
          variant="link"
        >
          Clear Session
        </Button>
      </p>
      <YesNoQuestion
        helpText="Aliquam fermentum, tortor in pulvinar."
        inputName="YesNo1"
        key="1"
        questionNumber={1}
        questionText="Lorem ipsum dolor sit amet, consectetur adipiscing elit. Donec scelerisque."
      />
      <YesNoQuestion
        helpText="Aliquam fermentum, tortor in pulvinar."
        inputName="YesNo2"
        key="2"
        questionNumber={2}
        questionText="Lorem ipsum dolor sit amet, consectetur adipiscing elit. Donec scelerisque."
      />
      <YesNoQuestion
        helpText="Aliquam fermentum, tortor in pulvinar."
        inputName="YesNo3"
        key="3"
        questionNumber={3}
        questionText="Lorem ipsum dolor sit amet, consectetur adipiscing elit. Donec scelerisque."
      />
    </div>
  </main>
  <Footer />
</div>
`;
