// Jest Snapshot v1, https://goo.gl/fbAQLP

exports[`<RetroCertsLandingPage /> has user data 1`] = `
<div
  id="overflow-wrapper"
>
  <Header />
  <main>
    <div
      className="container p-4"
    >
      <h1>
        Hello
      </h1>
      <p>
        Weeks to certify: 
        0
      </p>
      <p>
        <Button
          active={false}
          disabled={false}
          onClick={[Function]}
          type="button"
          variant="link"
        >
          Clear Session
        </Button>
      </p>
    </div>
  </main>
  <Footer />
</div>
`;
