// Jest Snapshot v1, https://goo.gl/fbAQLP

exports[`<RetroCertsConfirmationPage /> no confirmation number 1`] = `
<Redirect
  to="/retroactive-certification/weeks-to-certify"
/>
`;

exports[`<RetroCertsConfirmationPage /> with confirmation number 1`] = `
<div
  id="overflow-wrapper"
>
  <Header />
  <main>
    <div
      className="container p-4"
    >
      <h1>
        Retroactive Certification for Unemployment
      </h1>
      <LanguageSelector
        className="mt-3 mb-4"
      />
      <Alert
        className="mt-5"
        closeLabel="Close alert"
        show={true}
        transition={
          Object {
            "$$typeof": Symbol(react.forward_ref),
            "defaultProps": Object {
              "appear": false,
              "in": false,
              "mountOnEnter": false,
              "timeout": 300,
              "unmountOnExit": false,
            },
            "displayName": "Fade",
            "render": [Function],
          }
        }
        variant="success"
      >
        <img
          alt="checkmark"
          className="checkmark"
          src="/images/check-circle-fill.svg"
        />
        You have successfully submitted your retroactive certification. No further action is required.
      </Alert>
      <h2
        className="mt-5"
      >
        Retroactive Certification Confirmation
      </h2>
      <p>
        <Trans
          i18nKey="retrocerts-confirmation.p1"
          t={[Function]}
          values={
            Object {
              "confirmationNumber": "CONFIRMATION_NUMBER",
            }
          }
        />
      </p>
      <p>
        You’ve been logged out of the system and may close this window.
      </p>
      <h2
        className="mt-5"
      >
        Retroactive Certification Weeks
      </h2>
      <ListOfWeeks
        showChecks={false}
        weeksToCertify={
          Array [
            0,
            1,
            2,
            5,
            6,
          ]
        }
      />
      <h2
        className="mt-5"
      >
        Next Steps
      </h2>
      <p>
        <Trans
          i18nKey="retrocerts-confirmation.p2"
          t={[Function]}
        >
          If you are still unemployed, continue to certify for benefits every two weeks. The fastest way is to use
           
          <a
            href="https://edd.ca.gov/Unemployment/UI_Online.htm"
          >
            UI Online
          </a>
          .
        </Trans>
      </p>
      <Button
        active={false}
        className="text-dark bg-light mt-5"
        disabled={false}
        onClick={[Function]}
        type="button"
        variant="outline-secondary"
      >
        Print this page
      </Button>
    </div>
  </main>
  <Footer />
</div>
`;
