// Jest Snapshot v1, https://goo.gl/fbAQLP

exports[`<TabbedContainer /> renders vertical navigation bar 1`] = `
<Container
  fluid={false}
>
  <TabContainer
    activeKey={0}
    id="left-tabs"
  >
    <Row
      className="tabbed-container"
      noGutters={false}
    >
      <Col
        className="TabbedContainer"
        sm={4}
      >
        <Nav
          className="flex-column sidebar-sticky"
          fill={false}
          justify={false}
          variant="pills"
        >
          <NavItem
            key="0"
          >
            <NavLink
              as={
                Object {
                  "$$typeof": Symbol(react.forward_ref),
                  "displayName": "SafeAnchor",
                  "render": [Function],
                }
              }
              disabled={false}
              eventKey={0}
              onClick={[Function]}
              onKeyDown={[Function]}
              to="/guide/benefits"
            >
              tabTitles.0
            </NavLink>
             
          </NavItem>
          <NavItem
            key="1"
          >
            <NavLink
              as={
                Object {
                  "$$typeof": Symbol(react.forward_ref),
                  "displayName": "SafeAnchor",
                  "render": [Function],
                }
              }
              disabled={false}
              eventKey={1}
              onClick={[Function]}
              onKeyDown={[Function]}
              to="/guide/before-you-apply"
            >
              tabTitles.1
            </NavLink>
             
          </NavItem>
          <NavItem
            key="2"
          >
            <NavLink
              as={
                Object {
                  "$$typeof": Symbol(react.forward_ref),
                  "displayName": "SafeAnchor",
                  "render": [Function],
                }
              }
              disabled={false}
              eventKey={2}
              onClick={[Function]}
              onKeyDown={[Function]}
              to="/guide/how-to-apply"
            >
              tabTitles.2
            </NavLink>
             
          </NavItem>
          <NavItem
            key="3"
          >
            <NavLink
              as={
                Object {
                  "$$typeof": Symbol(react.forward_ref),
                  "displayName": "SafeAnchor",
                  "render": [Function],
                }
              }
              disabled={false}
              eventKey={3}
              onClick={[Function]}
              onKeyDown={[Function]}
              to="/guide/after-you-submit"
            >
              tabTitles.3
            </NavLink>
             
          </NavItem>
          <NavItem
            key="4"
          >
            <NavLink
              as={
                Object {
                  "$$typeof": Symbol(react.forward_ref),
                  "displayName": "SafeAnchor",
                  "render": [Function],
                }
              }
              disabled={false}
              eventKey={4}
              onClick={[Function]}
              onKeyDown={[Function]}
              to="/guide/receive-benefits"
            >
              tabTitles.4
            </NavLink>
             
          </NavItem>
          <NavItem
            key="5"
          >
            <NavLink
              as={
                Object {
                  "$$typeof": Symbol(react.forward_ref),
                  "displayName": "SafeAnchor",
                  "render": [Function],
                }
              }
              disabled={false}
              eventKey={5}
              onClick={[Function]}
              onKeyDown={[Function]}
              to="/guide/more-resources"
            >
              tabTitles.5
            </NavLink>
             
          </NavItem>
        </Nav>
      </Col>
      <Col
        sm={8}
      >
        <ForwardRef>
          <Component>
            <Component
              key="0"
              path="/guide/benefits"
            >
              <ScrollToTopOnMount />
              <h2>
                tabTitles.0
              </h2>
              <TabPaneContent0
                getTabLink={[Function]}
              />
              <Button
                active={false}
                disabled={false}
                onClick={[Function]}
                to="/guide/before-you-apply"
                type="button"
                variant="secondary"
              >
                buttonNextPrefixtabTitles.1
              </Button>
            </Component>
            <Component
              key="1"
              path="/guide/before-you-apply"
            >
              <ScrollToTopOnMount />
              <h2>
                tabTitles.1
              </h2>
              <TabPaneContent1
                getTabLink={[Function]}
              />
              <Button
                active={false}
                disabled={false}
                onClick={[Function]}
                to="/guide/how-to-apply"
                type="button"
                variant="secondary"
              >
                buttonNextPrefixtabTitles.2
              </Button>
            </Component>
            <Component
              key="2"
              path="/guide/how-to-apply"
            >
              <ScrollToTopOnMount />
              <h2>
                tabTitles.2
              </h2>
              <TabPaneContent2
                getTabLink={[Function]}
              />
              <Button
                active={false}
                disabled={false}
                onClick={[Function]}
                to="/guide/after-you-submit"
                type="button"
                variant="secondary"
              >
                buttonNextPrefixtabTitles.3
              </Button>
            </Component>
            <Component
              key="3"
              path="/guide/after-you-submit"
            >
              <ScrollToTopOnMount />
              <h2>
                tabTitles.3
              </h2>
              <TabPaneContent3
                getTabLink={[Function]}
              />
              <Button
                active={false}
                disabled={false}
                onClick={[Function]}
                to="/guide/receive-benefits"
                type="button"
                variant="secondary"
              >
                buttonNextPrefixtabTitles.4
              </Button>
            </Component>
            <Component
              key="4"
              path="/guide/receive-benefits"
            >
              <ScrollToTopOnMount />
              <h2>
                tabTitles.4
              </h2>
              <TabPaneContent4
                getTabLink={[Function]}
              />
              <Button
                active={false}
                disabled={false}
                onClick={[Function]}
                to="/guide/more-resources"
                type="button"
                variant="secondary"
              >
                buttonNextPrefixtabTitles.5
              </Button>
            </Component>
            <Component
              key="5"
              path="/guide/more-resources"
            >
              <ScrollToTopOnMount />
              <h2>
                tabTitles.5
              </h2>
              <TabPaneContent5
                getTabLink={[Function]}
              />
            </Component>
            <Component
              from="/"
              to="/guide/benefits"
            />
          </Component>
        </ForwardRef>
      </Col>
    </Row>
  </TabContainer>
</Container>
`;
