// Jest Snapshot v1, https://goo.gl/fbAQLP

exports[`<TabbedContainer /> renders vertical navigation bar 1`] = `
<Container
  fluid={false}
>
  <TabContainer
    activeKey={0}
    defaultActiveKey="0"
    id="left-tabs-example"
  >
    <Row
      className="tabbed-container"
      noGutters={false}
    >
      <Col
        className="TabbedContainer"
        sm={4}
      >
        <Nav
          className="flex-column"
          fill={false}
          justify={false}
          variant="pills"
        >
          <NavItem
            key="0"
          >
            <NavLink
              as={
                Object {
                  "$$typeof": Symbol(react.forward_ref),
                  "displayName": "SafeAnchor",
                  "render": [Function],
                }
              }
              disabled={false}
              eventKey={0}
              href="#tab0Title"
              onClick={[Function]}
            >
              tab0Title
            </NavLink>
          </NavItem>
          <NavItem
            key="1"
          >
            <NavLink
              as={
                Object {
                  "$$typeof": Symbol(react.forward_ref),
                  "displayName": "SafeAnchor",
                  "render": [Function],
                }
              }
              disabled={false}
              eventKey={1}
              href="#tab1Title"
              onClick={[Function]}
            >
              tab1Title
            </NavLink>
          </NavItem>
          <NavItem
            key="2"
          >
            <NavLink
              as={
                Object {
                  "$$typeof": Symbol(react.forward_ref),
                  "displayName": "SafeAnchor",
                  "render": [Function],
                }
              }
              disabled={false}
              eventKey={2}
              href="#tab2Title"
              onClick={[Function]}
            >
              tab2Title
            </NavLink>
          </NavItem>
          <NavItem
            key="3"
          >
            <NavLink
              as={
                Object {
                  "$$typeof": Symbol(react.forward_ref),
                  "displayName": "SafeAnchor",
                  "render": [Function],
                }
              }
              disabled={false}
              eventKey={3}
              href="#tab3Title"
              onClick={[Function]}
            >
              tab3Title
            </NavLink>
          </NavItem>
          <NavItem
            key="4"
          >
            <NavLink
              as={
                Object {
                  "$$typeof": Symbol(react.forward_ref),
                  "displayName": "SafeAnchor",
                  "render": [Function],
                }
              }
              disabled={false}
              eventKey={4}
              href="#tab4Title"
              onClick={[Function]}
            >
              tab4Title
            </NavLink>
          </NavItem>
          <NavItem
            key="5"
          >
            <NavLink
              as={
                Object {
                  "$$typeof": Symbol(react.forward_ref),
                  "displayName": "SafeAnchor",
                  "render": [Function],
                }
              }
              disabled={false}
              eventKey={5}
              href="#tab5Title"
              onClick={[Function]}
            >
              tab5Title
            </NavLink>
          </NavItem>
          <NavItem
            key="6"
          >
            <NavLink
              as={
                Object {
                  "$$typeof": Symbol(react.forward_ref),
                  "displayName": "SafeAnchor",
                  "render": [Function],
                }
              }
              disabled={false}
              eventKey={6}
              href="#tab6Title"
              onClick={[Function]}
            >
              tab6Title
            </NavLink>
          </NavItem>
        </Nav>
      </Col>
      <Col
        sm={8}
      >
        <ForwardRef>
          <TabPane
            eventKey={0}
            key="0"
          >
            <h2>
              tab0Title
            </h2>
            <TabPaneContent0 />
            <Button
              active={false}
              disabled={false}
              href="#tab1Title"
              onClick={[Function]}
              type="button"
              variant="secondary"
            >
              buttonNextPrefixtab1Title
            </Button>
          </TabPane>
          <TabPane
            eventKey={1}
            key="1"
          >
            <h2>
              tab1Title
            </h2>
            <TabPaneContent1 />
            <Button
              active={false}
              disabled={false}
              href="#tab2Title"
              onClick={[Function]}
              type="button"
              variant="secondary"
            >
              buttonNextPrefixtab2Title
            </Button>
          </TabPane>
          <TabPane
            eventKey={2}
            key="2"
          >
            <h2>
              tab2Title
            </h2>
            <TabPaneContent2 />
            <Button
              active={false}
              disabled={false}
              href="#tab3Title"
              onClick={[Function]}
              type="button"
              variant="secondary"
            >
              buttonNextPrefixtab3Title
            </Button>
          </TabPane>
          <TabPane
            eventKey={3}
            key="3"
          >
            <h2>
              tab3Title
            </h2>
            <TabPaneContent3 />
            <Button
              active={false}
              disabled={false}
              href="#tab4Title"
              onClick={[Function]}
              type="button"
              variant="secondary"
            >
              buttonNextPrefixtab4Title
            </Button>
          </TabPane>
          <TabPane
            eventKey={4}
            key="4"
          >
            <h2>
              tab4Title
            </h2>
            <TabPaneContent4 />
            <Button
              active={false}
              disabled={false}
              href="#tab5Title"
              onClick={[Function]}
              type="button"
              variant="secondary"
            >
              buttonNextPrefixtab5Title
            </Button>
          </TabPane>
          <TabPane
            eventKey={5}
            key="5"
          >
            <h2>
              tab5Title
            </h2>
            <TabPaneContent5 />
            <Button
              active={false}
              disabled={false}
              href="#tab6Title"
              onClick={[Function]}
              type="button"
              variant="secondary"
            >
              buttonNextPrefixtab6Title
            </Button>
          </TabPane>
          <TabPane
            eventKey={6}
            key="6"
          >
            <h2>
              tab6Title
            </h2>
            <TabPaneContent6 />
          </TabPane>
        </ForwardRef>
      </Col>
    </Row>
  </TabContainer>
</Container>
`;
