// Jest Snapshot v1, https://goo.gl/fbAQLP

exports[`<SessionTimer /> clear 1`] = `
<Bootstrap(Modal)
  centered={true}
  onHide={[Function]}
>
  <ModalHeader
    className="border-0"
    closeButton={true}
    closeLabel="Close"
  >
    <ModalTitle>
      <strong>
        Your Session Will End Soon
      </strong>
    </ModalTitle>
  </ModalHeader>
  <ModalBody>
    <Trans
      i18nKey="timeout-modal.warning"
      t={[Function]}
      values={
        Object {
          "numberOfMinutes": 5,
        }
      }
    />
  </ModalBody>
  <ModalFooter
    className="border-0"
  >
    <Button
      active={false}
      disabled={false}
      onClick={[Function]}
      type="button"
      variant="secondary"
    >
      Continue Working
    </Button>
  </ModalFooter>
</Bootstrap(Modal)>
`;

exports[`<SessionTimer /> startOrUpdate 1`] = `
<Bootstrap(Modal)
  centered={true}
  onHide={[Function]}
>
  <ModalHeader
    className="border-0"
    closeButton={true}
    closeLabel="Close"
  >
    <ModalTitle>
      <strong>
        Your Session Will End Soon
      </strong>
    </ModalTitle>
  </ModalHeader>
  <ModalBody>
    <Trans
      i18nKey="timeout-modal.warning"
      t={[Function]}
      values={
        Object {
          "numberOfMinutes": 5,
        }
      }
    />
  </ModalBody>
  <ModalFooter
    className="border-0"
  >
    <Button
      active={false}
      disabled={false}
      onClick={[Function]}
      type="button"
      variant="secondary"
    >
      Continue Working
    </Button>
  </ModalFooter>
</Bootstrap(Modal)>
`;
