// Jest Snapshot v1, https://goo.gl/fbAQLP

exports[`<DaysSickQuestion /> renders the component 1`] = `
<FormGroup
  className="follow-up"
  controlId="days-sick"
>
  <FormLabel
    column={false}
    srOnly={false}
  >
    If Yes, enter the number of days (1 - 7) you were unable to work.
  </FormLabel>
  <FormText
    className="help-text"
  >
    You must report the numbers of days that you could not work during this week.
  </FormText>
  <FormControl
    maxLength={1}
    onChange={[Function]}
    pattern="[1234567]"
    required={true}
    style={
      Object {
        "width": "6rem",
      }
    }
    type="text"
    value=""
  />
  <Feedback
    type="invalid"
  >
    This field is required.
  </Feedback>
</FormGroup>
`;
