// Jest Snapshot v1, https://goo.gl/fbAQLP

exports[`<DaysSickQuestion /> renders the component 1`] = `
<Form
  inline={false}
>
  <FormGroup>
    <FormLabel
      column={true}
      md="10"
      srOnly={false}
    >
      Enter the number of days (1 through 7) you were unable to work.
    </FormLabel>
    <FormControl
      onChange={[Function]}
      type="text"
      value=""
    />
  </FormGroup>
</Form>
`;
