// Jest Snapshot v1, https://goo.gl/fbAQLP

exports[`<Subheader /> renders vertical navigation bar 1`] = `
<div
  className="bg-light"
>
  <div
    className="container p-4"
  >
    <h2>
      subheaderHeader
    </h2>
    <h5>
      subheaderSubheader
    </h5>
    <p>
      subheaderParagraph
    </p>
    <p>
      First register or login at Benefit Programs Online, then apply for unemployment benefits on UI Online℠.
    </p>
    <BPOButton />
  </div>
</div>
`;
