// Jest Snapshot v1, https://goo.gl/fbAQLP

exports[`<Subheader /> renders vertical navigation bar 1`] = `
<div
  className="bg-light"
>
  <div
    className="container p-4"
  >
    <h2>
      <b>
        subheaderH2
      </b>
    </h2>
    <h5>
      <b>
        subheaderH5
      </b>
    </h5>
    <p>
      subheaderParagraph
    </p>
    <Button
      active={false}
      disabled={false}
      href="https://portal.edd.ca.gov/WebApp/Login"
      type="button"
      variant="secondary"
    >
      subheaderButton
    </Button>
  </div>
</div>
`;
