// Jest Snapshot v1, https://goo.gl/fbAQLP

exports[`<ListOfWeeksWithDetail /> renders the component 1`] = `
Array [
  <WeekWithDetail
    index={0}
    key="0"
    weekIndex={1}
    weekProgramPlan="U"
  />,
  <WeekWithDetail
    index={1}
    key="1"
    weekIndex={2}
    weekProgramPlan="I"
  />,
  <WeekWithDetail
    index={2}
    key="2"
    weekIndex={3}
    weekProgramPlan=" "
  />,
]
`;
