// Jest Snapshot v1, https://goo.gl/fbAQLP

exports[`<RetroCertsPage /> renders the retro certs main page 1`] = `
<div
  id="overflow-wrapper"
>
  <Header />
  <main>
    <div
      className="container p-4"
    >
      <h1>
        Retroactive Certifications
      </h1>
    </div>
  </main>
  <Footer />
</div>
`;
