// Jest Snapshot v1, https://goo.gl/fbAQLP

exports[`<PerjuryCheckbox /> renders the component 1`] = `
<FormGroup
  className="prejury-checkbox"
  controlId="perjury-checkbox"
>
  <FormText
    as="h3"
  >
    Acknowledgement
  </FormText>
  <ul>
    <li>
      I understand the questions I answered through this automated system.
    </li>
    <li>
      I know the law provides penalties if I make false statements or withhold facts to receive benefits; and my answers are true and correct.
    </li>
    <li>
      I declare under penalty of perjury that I am a US Citizen or National; or an Alien in satisfactory immigration status and permitted to work by the United States Citizenship and Immigration Service.
    </li>
    <li>
      I understand when submitting my request for benefits my submission is considered the same as my written signature.
    </li>
  </ul>
  <FormRow>
    <Col
      md="auto"
    >
      <FormCheck
        checked={false}
        disabled={false}
        inline={false}
        isInvalid={false}
        isValid={false}
        onChange={[Function]}
        required={true}
        title=""
        type="checkbox"
      />
    </Col>
    <Col>
      <FormLabel
        column={false}
        srOnly={false}
      >
        I agree and accept the statement above.
      </FormLabel>
    </Col>
  </FormRow>
  <FormText
    as="p"
  >
    <Trans
      i18nKey="retrocerts-certification.submit-p1"
      t={[Function]}
    />
  </FormText>
  <FormText
    as="p"
  >
    <Trans
      i18nKey="retrocerts-certification.submit-p2"
      t={[Function]}
    />
  </FormText>
</FormGroup>
`;
